68K GAS  ./bubblesort.s 			page 1


   1               	***************************************************************************
   2               	* bubblesort using m6800 assembler
   3               	* table starts at $E0
   4               	* D0 sorted
   5               	* A1 pointer to table
   6               	* d6 tmp1 
   7               	* d7 tmp2	
   8               	***********************************************************************
   9               	*
  10               	start
  11 0000 4FF8 7000 		lea $07000,A7
  12 0004 103C 0001 		move.b #1,d0 
  13 0008 227C 0000 		move.l #$0E0,a1
  13      00E0 
  14               	iter
  15 000e 3C11      		move.w (a1),d6 		;FLYTTA IN DE TVA TALEN
  16 0010 5489      		add.l #2,a1
  17 0012 3E11      		move.w (a1),d7
  18 0014 5589      		sub.l #2,a1		;ratta till adressen igen
  19               		
  20 0016 BE46      		cmp.w d6,d7		
  21 0018 6E0A      		bgt bytinteplats 	; om d6 större än d7
  22 001a 3287      		move.w d7,(a1)		; byt plats på elementen
  23 001c 5489      		add.l #2,a1
  24 001e 3286      		move.w d6,(a1)
  25 0020 5589      		sub.l  #2,a1
  26 0022 7000      		move.l #0,d0
  27               	bytinteplats
  28 0024 5449      		add #2,a1
  29 0026 B3FC 0000 		cmp.l #$0E8,a1
  29      00E8 
  30 002c 66E0      		bne iter
  31 002e 0C00 0001 		cmp.b #1,d0
  32 0032 66CC      		bne start
  33 0034 3E3C 00FF 		move #255,d7
  34 0038 4E4E      		trap #14
  35               	
  36               	
  37               	
  38               	
  39               	
  40               	
  41               	
  42               	
  43               	
  44               	
  45               	
  46               	
  47               	
  48               	
  49               	
  50               	
  51               	
  52               	
  53               	
  54               	
  55               	
68K GAS  ./bubblesort.s 			page 2


  56               	
  57               	
  58               	
  59               	
  60               	
  61               	
  62               	
  63               	
  64               	
  65               	
  66               	
  67               	
  68               	
  69               	
  70               	
  71               	
  72               	
  73               	
  74               	
  75               	
  76               	
  77               	
  78               	
  79               	
  80               	
  81               	
  82               	
  83               	
  84               	
  85               	
  86               	
  87               	
  88               	
  89               	
  90               	
  91               	
  92               	
  93               	
  94               	
  95               	
  96               	
  97               	
  98               	
  99               	
 100               	
 101               	
 102               	
 103               	
 104               	
 105               	
 106               	
 107               	
 108               	
 109               	
 110               	
 111               	
 112               	
68K GAS  ./bubblesort.s 			page 3


 113               	
 114               	
 115               	
 116               	
 117               	
 118               	
 119               	
 120               	
 121               	
 122               	
 123               	
 124               	
 125               	
 126               	
 127               	
 128               	
 129               	
 130               	
 131               	
 132               	
 133               	
 134               	
 135               	
 136               	
 137               	
 138               	
 139               	
 140               	
 141               	
 142               	
 143               	
 144               	
 145               	
 146               	
 147               	
 148               	
 149               	
 150               	
 151               	
 152               	
 153               	
 154               	
 155               	
 156               	
 157               	
 158               	
 159               	
 160               	
 161               	
 162               	
 163               	
 164               	
 165               	
 166               	
 167               	
 168               	
 169               	
68K GAS  ./bubblesort.s 			page 4


 170               	
 171               	
 172               	
 173               	
 174               	
 175               	
 176               	
 177               	
 178               	
 179               	
 180               	
 181               	
 182               	
 183               	
 184               	
 185               	
 186               	
 187               	
 188               	
 189               	
 190               	
 191               	
 192               	
 193               	
 194               	
 195               	
 196               	
 197               	
 198               	
 199               	
 200               	
 201               	
 202               	
 203               	
 204               	
 205               	
 206               	
 207               	
 208               	
 209               	
 210               	
 211               	
 212               	
 213               	
 214               	
 215               	
 216               	
 217               	
 218               	
 219               	
 220               	
 221               	
 222               	
 223               	
